{
  "exclude": {
    "files": "^.secrets.baseline$",
    "lines": null
  },
  "generated_at": "2026-07-13T15:49:18Z",
  "plugins_used": [
    {
      "name": "AWSKeyDetector"
    },
    {
      "name": "ArtifactoryDetector"
    },
    {
      "name": "AzureStorageKeyDetector"
    },
    {
      "base64_limit": 4.5,
      "name": "Base64HighEntropyString"
    },
    {
      "name": "BasicAuthDetector"
    },
    {
      "name": "BoxDetector"
    },
    {
      "name": "CloudantDetector"
    },
    {
      "ghe_instance": "github.ibm.com",
      "name": "GheDetector"
    },
    {
      "name": "GitHubTokenDetector"
    },
    {
      "hex_limit": 3,
      "name": "HexHighEntropyString"
    },
    {
      "name": "IbmCloudIamDetector"
    },
    {
      "name": "IbmCosHmacDetector"
    },
    {
      "name": "JwtTokenDetector"
    },
    {
      "keyword_exclude": null,
      "name": "KeywordDetector"
    },
    {
      "name": "MailchimpDetector"
    },
    {
      "name": "NpmDetector"
    },
    {
      "name": "PrivateKeyDetector"
    },
    {
      "name": "SlackDetector"
    },
    {
      "name": "SoftlayerDetector"
    },
    {
      "name": "SquareOAuthDetector"
    },
    {
      "name": "StripeDetector"
    },
    {
      "name": "TwilioKeyDetector"
    }
  ],
  "results": {
    "og-assembly/src/main/asciidoc/userguide.adoc": [
      {
        "hashed_secret": "5eb942810a75ebc850972a89285d570d484c89c4",
        "is_secret": false,
        "is_verified": false,
        "line_number": 251,
        "type": "Secret Keyword",
        "verified_result": null
      },
      {
        "hashed_secret": "113bedac189d00acccbd4be035b74679aa625b15",
        "is_secret": true,
        "is_verified": false,
        "line_number": 331,
        "type": "Secret Keyword",
        "verified_result": null
      },
      {
        "hashed_secret": "595bf2bf3f81e119d26972262b1818757950db2d",
        "is_secret": true,
        "is_verified": false,
        "line_number": 331,
        "type": "Base64 High Entropy String",
        "verified_result": null
      },
      {
        "hashed_secret": "29df282448b4af9264df96df0277fe51fa9d4815",
        "is_secret": false,
        "is_verified": false,
        "line_number": 361,
        "type": "Secret Keyword",
        "verified_result": null
      },
      {
        "hashed_secret": "c81492b5da978fb95bad7633e036c2089a4c0cc9",
        "is_secret": true,
        "is_verified": false,
        "line_number": 392,
        "type": "Hex High Entropy String",
        "verified_result": null
      },
      {
        "hashed_secret": "2b0be6a2607d203a51cb5f4e45b520ad72b65a59",
        "is_secret": false,
        "is_verified": false,
        "line_number": 2324,
        "type": "Hex High Entropy String",
        "verified_result": null
      }
    ],
    "og-object/src/test/java/com/ibm/og/object/AbstractObjectNameConsumerTest.java": [
      {
        "hashed_secret": "bf9493b68517e5dea7511f535bd7003bd3b62337",
        "is_secret": false,
        "is_verified": false,
        "line_number": 52,
        "type": "Hex High Entropy String",
        "verified_result": null
      }
    ],
    "og-s3/src/test/java/com/ibm/og/s3/v4/AWSV4AuthTest.java": [
      {
        "hashed_secret": "244f421f896bdcdd2784dccf4eaf7c8dfd5189b5",
        "is_secret": false,
        "is_verified": false,
        "line_number": 42,
        "type": "Hex High Entropy String",
        "verified_result": null
      }
    ],
    "og-supplier/src/test/java/com/ibm/og/supplier/CredentialGetterFunctionTest.java": [
      {
        "hashed_secret": "44ec0c23f6142633b3784c693eb5e1d27e4c6fa7",
        "is_secret": false,
        "is_verified": false,
        "line_number": 116,
        "type": "Base64 High Entropy String",
        "verified_result": null
      },
      {
        "hashed_secret": "aeaf3b573090c55fb67aa4542048263b59eb923c",
        "is_secret": false,
        "is_verified": false,
        "line_number": 121,
        "type": "Base64 High Entropy String",
        "verified_result": null
      }
    ],
    "og-util/src/main/java/com/ibm/og/util/Context.java": [
      {
        "hashed_secret": "b4e3acd6c33501c65c381543d293752ba846ee52",
        "is_secret": false,
        "is_verified": false,
        "line_number": 23,
        "type": "Secret Keyword",
        "verified_result": null
      }
    ]
  },
  "version": "0.13.1+ibm.64.dss",
  "word_list": {
    "file": null,
    "hash": null
  }
}
